[devsdesign.net/products/html/clenia/onepage3.html]
[backblue.gif]
[fade.gif]
[index.html]
[devsdesign.net/products/html/clenia/apple-touch-icon.png]
[devsdesign.net/products/html/clenia/assets/images/fav.png]
[devsdesign.net/products/html/clenia/assets/css/bootstrap.min.css]
[devsdesign.net/products/html/clenia/assets/css/font-awesome.min.css]
[devsdesign.net/products/html/clenia/assets/css/uicons-regular-rounded.css]
[devsdesign.net/products/html/clenia/assets/fonts/flaticon.css]
[devsdesign.net/products/html/clenia/assets/css/animate.css]
[devsdesign.net/products/html/clenia/assets/css/owl.carousel.css]
[devsdesign.net/products/html/clenia/assets/css/off-canvas.css]
[devsdesign.net/products/html/clenia/assets/css/magnific-popup.css]
[devsdesign.net/products/html/clenia/assets/css/rsmenu-main.css]
[devsdesign.net/products/html/clenia/assets/inc/custom-slider/css/nivo-slider.css]
[devsdesign.net/products/html/clenia/assets/inc/custom-slider/css/preview.css]
[devsdesign.net/products/html/clenia/assets/css/rs-spacing.css]
[devsdesign.net/products/html/clenia/assets/css/responsive.css]
[devsdesign.net/products/html/clenia/style.css]
[devsdesign.net/products/html/clenia/index.html]
[devsdesign.net/products/html/clenia/assets/images/logo-green.png]
[devsdesign.net/products/html/clenia/assets/images/logo-green-white.png]
[devsdesign.net/products/html/clenia/index2.html]
[devsdesign.net/products/html/clenia/index3.html]
[devsdesign.net/products/html/clenia/index4.html]
[devsdesign.net/products/html/clenia/index5.html]
[devsdesign.net/products/html/clenia/onepage1.html]
[devsdesign.net/products/html/clenia/onepage2.html]
[devsdesign.net/products/html/clenia/onepage4.html]
[devsdesign.net/products/html/clenia/onepage5.html]
[devsdesign.net/products/html/clenia/faqs.html]
[devsdesign.net/products/html/clenia/about.html]
[devsdesign.net/products/html/clenia/request-an-estimate.html]
[devsdesign.net/products/html/clenia/expert-members.html]
[devsdesign.net/products/html/clenia/single-member.html]
[devsdesign.net/products/html/clenia/services1.html]
[devsdesign.net/products/html/clenia/services2.html]
[devsdesign.net/products/html/clenia/covid-19-cleaning.html]
[devsdesign.net/products/html/clenia/kitchen-cleaning.html]
[devsdesign.net/products/html/clenia/toilet-cleaning.html]
[devsdesign.net/products/html/clenia/office-cleaning.html]
[devsdesign.net/products/html/clenia/window-cleaning.html]
[devsdesign.net/products/html/clenia/carpet-cleaning.html]
[devsdesign.net/products/html/clenia/projects.html]
[devsdesign.net/products/html/clenia/projects-details.html]
[devsdesign.net/products/html/clenia/blog.html]
[devsdesign.net/products/html/clenia/single-post.html]
[devsdesign.net/products/html/clenia/contact.html]
[devsdesign.net/products/html/clenia/assets/images/slider/style2/h1-1.jpg]
[devsdesign.net/products/html/clenia/assets/images/slider/style2/h1-2.jpg]
[devsdesign.net/products/html/clenia/assets/images/services/style3/1.png]
[devsdesign.net/products/html/clenia/assets/images/services/style3/2.png]
[devsdesign.net/products/html/clenia/assets/images/services/style3/3.png]
[devsdesign.net/products/html/clenia/assets/images/about/style3/about-3.jpg]
[devsdesign.net/products/html/clenia/assets/images/about/style3/1.png]
[devsdesign.net/products/html/clenia/assets/images/counter/icons/1.png]
[devsdesign.net/products/html/clenia/assets/images/counter/icons/2.png]
[devsdesign.net/products/html/clenia/assets/images/counter/icons/3.png]
[devsdesign.net/products/html/clenia/assets/images/counter/icons/4.png]
[devsdesign.net/products/html/clenia/assets/images/choose/style3/1.png]
[devsdesign.net/products/html/clenia/assets/images/choose/style3/2.png]
[devsdesign.net/products/html/clenia/assets/images/choose/style3/3.png]
[devsdesign.net/products/html/clenia/assets/images/choose/style3/4.png]
[devsdesign.net/products/html/clenia/assets/images/choose/style3/5.png]
[devsdesign.net/products/html/clenia/assets/images/choose/style3/6.png]
[devsdesign.net/products/html/clenia/assets/images/services/style4/1.png]
[devsdesign.net/products/html/clenia/assets/images/services/style4/2.png]
[devsdesign.net/products/html/clenia/assets/images/services/style4/3.png]
[devsdesign.net/products/html/clenia/assets/images/services/style4/4.png]
[devsdesign.net/products/html/clenia/assets/images/services/style4/5.png]
[devsdesign.net/products/html/clenia/assets/images/services/style4/6.png]
[devsdesign.net/products/html/clenia/assets/images/testimonial/style1/quote3.png]
[devsdesign.net/products/html/clenia/assets/images/testimonial/style1/ratting.png]
[devsdesign.net/products/html/clenia/assets/images/project/style1/1.jpg]
[devsdesign.net/products/html/clenia/assets/images/project/style1/2.jpg]
[devsdesign.net/products/html/clenia/assets/images/project/style1/3.jpg]
[devsdesign.net/products/html/clenia/assets/images/project/style1/4.jpg]
[devsdesign.net/products/html/clenia/assets/images/project/style1/5.jpg]
[devsdesign.net/products/html/clenia/assets/images/project/style1/6.jpg]
[devsdesign.net/products/html/clenia/assets/images/blog/style1/1.jpg]
[devsdesign.net/products/html/clenia/blog-single.html]
[devsdesign.net/products/html/clenia/assets/images/blog/style1/2.jpg]
[devsdesign.net/products/html/clenia/assets/images/blog/style1/3.jpg]
[devsdesign.net/products/html/clenia/assets/images/blog/style1/4.jpg]
[devsdesign.net/products/html/clenia/assets/images/blog/style1/5.jpg]
[devsdesign.net/products/html/clenia/assets/images/blog/style1/6.jpg]
[devsdesign.net/products/html/clenia/assets/images/partner/1.png]
[devsdesign.net/products/html/clenia/assets/images/partner/2.png]
[devsdesign.net/products/html/clenia/assets/images/partner/3.png]
[devsdesign.net/products/html/clenia/assets/images/partner/4.png]
[devsdesign.net/products/html/clenia/assets/images/partner/5.png]
[devsdesign.net/products/html/clenia/assets/images/footer/playstore.png]
[devsdesign.net/products/html/clenia/assets/images/footer/appstore.png]
[devsdesign.net/products/html/clenia/services.html]
[devsdesign.net/products/html/clenia/assets/js/modernizr-2.8.3.min.js]
[devsdesign.net/products/html/clenia/assets/js/jquery.min.js]
[devsdesign.net/products/html/clenia/assets/js/bootstrap.min.js]
[devsdesign.net/products/html/clenia/assets/js/jquery.nav.js]
[devsdesign.net/products/html/clenia/assets/js/owl.carousel.min.js]
[devsdesign.net/products/html/clenia/assets/js/wow.min.js]
[devsdesign.net/products/html/clenia/assets/js/skill.bars.jquery.js]
[devsdesign.net/products/html/clenia/assets/js/imagesloaded.pkgd.min.js]
[devsdesign.net/products/html/clenia/assets/js/waypoints.min.js]
[devsdesign.net/products/html/clenia/assets/js/jquery.counterup.min.js]
[devsdesign.net/products/html/clenia/assets/js/jquery.magnific-popup.min.js]
[devsdesign.net/products/html/clenia/assets/js/jquery.easypiechart.min.js]
[devsdesign.net/products/html/clenia/assets/inc/custom-slider/js/jquery.nivo.slider.js]
[devsdesign.net/products/html/clenia/assets/js/contact.form.js]
[devsdesign.net/products/html/clenia/onepage3.html]
[devsdesign.net/products/html/clenia/apple-touch-icon.html]
[devsdesign.net/products/html/clenia/assets/js/main.js]
[devsdesign.net/products/html/clenia/assets/css/bootstrap.min.css]
[devsdesign.net/products/html/clenia/assets/fonts/fontawesome-webfont3e6e.eot]
[devsdesign.net/products/html/clenia/assets/fonts/fontawesome-webfont3e6e.woff2]
[devsdesign.net/products/html/clenia/assets/fonts/fontawesome-webfontd41d.eot]
[devsdesign.net/products/html/clenia/assets/fonts/fontawesome-webfont3e6e.woff]
[devsdesign.net/products/html/clenia/assets/css/font-awesome.min.css]
[devsdesign.net/products/html/clenia/assets/fonts/fontawesome-webfont3e6e.svg]
[devsdesign.net/products/html/clenia/assets/fonts/uicons-regular-rounded.eot]
[devsdesign.net/products/html/clenia/assets/fonts/uicons-regular-rounded.woff2]
[devsdesign.net/products/html/clenia/assets/fonts/fontawesome-webfont3e6e.ttf]
[devsdesign.net/products/html/clenia/assets/fonts/uicons-regular-rounded.woff]
[devsdesign.net/products/html/clenia/assets/css/uicons-regular-rounded.css]
[devsdesign.net/products/html/clenia/assets/fonts/Flaticon.eot]
[devsdesign.net/products/html/clenia/assets/fonts/Flaticond41d.eot]
[devsdesign.net/products/html/clenia/assets/fonts/Flaticon.woff2]
[devsdesign.net/products/html/clenia/assets/fonts/Flaticon.woff]
[devsdesign.net/products/html/clenia/assets/fonts/Flaticon.ttf]
[devsdesign.net/products/html/clenia/assets/fonts/flaticon.css]
[devsdesign.net/products/html/clenia/assets/css/animate.css]
[devsdesign.net/products/html/clenia/assets/fonts/Flaticon.svg]
[devsdesign.net/products/html/clenia/assets/css/owl.video.play.png]
[devsdesign.net/products/html/clenia/assets/css/owl.carousel.css]
[devsdesign.net/products/html/clenia/assets/css/off-canvas.css]
[devsdesign.net/products/html/clenia/assets/css/magnific-popup.css]
[devsdesign.net/products/html/clenia/assets/css/rsmenu-main.css]
[devsdesign.net/products/html/clenia/assets/inc/custom-slider/css/nivo-slider.css]
[devsdesign.net/products/html/clenia/assets/inc/custom-slider/img/loading.gif]
[devsdesign.net/products/html/clenia/assets/inc/custom-slider/img/bullets.png]
[devsdesign.net/products/html/clenia/assets/inc/custom-slider/img/arrows.png]
[devsdesign.net/products/html/clenia/assets/inc/custom-slider/css/preview.css]
[devsdesign.net/products/html/clenia/assets/css/rs-spacing.css]
[devsdesign.net/products/html/clenia/assets/images/bg/choose-us-bg.png]
[devsdesign.net/products/html/clenia/assets/images/bg/services-bg1.jpg]
[devsdesign.net/products/html/clenia/assets/images/bg/cleaning-bg.jpg]
[devsdesign.net/products/html/clenia/assets/images/bg/process-bg.jpg]
[devsdesign.net/products/html/clenia/assets/images/bg/project-bg.jpg]
[devsdesign.net/products/html/clenia/assets/images/bg/pricing-bg.png]
[devsdesign.net/products/html/clenia/assets/images/bg/testi-bg.jpg]
[devsdesign.net/products/html/clenia/assets/images/about/style3/2.png]
[devsdesign.net/products/html/clenia/assets/images/bg/counter-bg3.jpg]
[devsdesign.net/products/html/clenia/assets/images/bg/testi-bg3.jpg]
[devsdesign.net/products/html/clenia/assets/images/bg/quote-bg4.jpg]
[devsdesign.net/products/html/clenia/assets/images/bg/icon.png]
[devsdesign.net/products/html/clenia/assets/images/bg/counter-bg5.jpg]
[devsdesign.net/products/html/clenia/assets/images/bg/quote-form-bg.jpg]
[devsdesign.net/products/html/clenia/assets/images/bg/testi-bg5.jpg]
[devsdesign.net/products/html/clenia/assets/images/close.png]
[devsdesign.net/products/html/clenia/assets/images/about/style1/ibg.png]
[devsdesign.net/products/html/clenia/assets/images/breadcrumbs/inr-1.jpg]
[devsdesign.net/products/html/clenia/assets/images/breadcrumbs/inr-2.jpg]
[devsdesign.net/products/html/clenia/assets/images/breadcrumbs/inr-3.jpg]
[devsdesign.net/products/html/clenia/assets/images/breadcrumbs/inr-4.jpg]
[devsdesign.net/products/html/clenia/assets/images/breadcrumbs/inr-5.jpg]
[devsdesign.net/products/html/clenia/assets/images/banner/style1/banner-bg.jpg]
[devsdesign.net/products/html/clenia/assets/images/banner/banner-4.jpg]
[devsdesign.net/products/html/clenia/assets/images/banner/style2/banner-bg.jpg]
[devsdesign.net/products/html/clenia/assets/images/project/details/2.jpg]
[devsdesign.net/products/html/clenia/assets/images/video/about-video.jpg]
[devsdesign.net/products/html/clenia/assets/images/video/video.jpg]
[devsdesign.net/products/html/clenia/assets/images/choose/style3/why-choose3.jpg]
[devsdesign.net/products/html/clenia/assets/images/slider/style1/banner-bg.jpg]
[devsdesign.net/products/html/clenia/assets/images/process/style1/process-line.png]
[devsdesign.net/products/html/clenia/assets/images/process/style2/process-line.png]
[devsdesign.net/products/html/clenia/assets/images/process/style3/icon-bg.png]
[devsdesign.net/products/html/clenia/assets/images/bg/project-bg3.jpg]
[devsdesign.net/products/html/clenia/assets/images/clean/how-work.jpg]
[devsdesign.net/products/html/clenia/assets/images/services/single/side-img.jpg]
[devsdesign.net/products/html/clenia/assets/images/choose/call-us.jpg]
[devsdesign.net/products/html/clenia/assets/images/bg/footer-bg.jpg]
[devsdesign.net/products/html/clenia/assets/images/bg/footer-bg2.jpg]
[devsdesign.net/products/html/clenia/style.css]
[devsdesign.net/products/html/clenia/assets/images/bg/footer-bg-main.jpg]
[devsdesign.net/products/html/clenia/assets/css/responsive.css]
[devsdesign.net/products/html/clenia/assets/images/yellow-logo.png]
[devsdesign.net/products/html/clenia/assets/images/logo.png]
[devsdesign.net/products/html/clenia/assets/images/brush.png]
[devsdesign.net/products/html/clenia/assets/images/slider/style1/1.jpg]
[devsdesign.net/products/html/clenia/assets/images/slider/style1/2.jpg]
[devsdesign.net/products/html/clenia/assets/images/about/style2/about.png]
[devsdesign.net/products/html/clenia/assets/images/about/style2/dot.png]
[devsdesign.net/products/html/clenia/assets/images/about/style2/cleaning.png]
[devsdesign.net/products/html/clenia/assets/images/about/style2/icons/1.png]
[devsdesign.net/products/html/clenia/assets/images/about/style2/icons/2.png]
[devsdesign.net/products/html/clenia/assets/images/services/style1/1.png]
[devsdesign.net/products/html/clenia/assets/images/services/style1/2.png]
[devsdesign.net/products/html/clenia/assets/images/services/style1/3.png]
[devsdesign.net/products/html/clenia/assets/images/services/style1/4.png]
[devsdesign.net/products/html/clenia/assets/images/services/style1/5.png]
[devsdesign.net/products/html/clenia/assets/images/services/style1/6.png]
[devsdesign.net/products/html/clenia/assets/images/choose/style2/icons/1.png]
[devsdesign.net/products/html/clenia/assets/images/choose/style2/icons/2.png]
[devsdesign.net/products/html/clenia/assets/images/choose/style2/icons/3.png]
[devsdesign.net/products/html/clenia/assets/images/choose/style2/icons/4.png]
[devsdesign.net/products/html/clenia/assets/images/ball.png]
[devsdesign.net/products/html/clenia/assets/images/services/style2/1.png]
[devsdesign.net/products/html/clenia/assets/images/services/style2/2.png]
[devsdesign.net/products/html/clenia/assets/images/services/style2/3.png]
[devsdesign.net/products/html/clenia/assets/images/services/style2/lines.png]
[devsdesign.net/products/html/clenia/assets/images/team/1.jpg]
[devsdesign.net/products/html/clenia/assets/images/team/2.jpg]
[devsdesign.net/products/html/clenia/assets/images/team/3.jpg]
[devsdesign.net/products/html/clenia/assets/images/team/4.jpg]
[devsdesign.net/products/html/clenia/assets/images/team/5.jpg]
[devsdesign.net/products/html/clenia/assets/images/team/6.jpg]
[devsdesign.net/products/html/clenia/assets/images/testimonial/style1/1.jpg]
[devsdesign.net/products/html/clenia/assets/images/testimonial/style1/quote2.png]
[devsdesign.net/products/html/clenia/assets/images/testimonial/style1/2.jpg]
[devsdesign.net/products/html/clenia/assets/images/testimonial/style1/3.jpg]
[devsdesign.net/products/html/clenia/assets/images/testimonial/style1/ball.png]
[devsdesign.net/products/html/clenia/assets/images/light-logo.png]
[devsdesign.net/products/html/clenia/index.html]
[devsdesign.net/products/html/clenia/assets/images/banner/style1/line.png]
[devsdesign.net/products/html/clenia/assets/images/banner/style1/1.png]
[devsdesign.net/products/html/clenia/assets/images/banner/style1/2.png]
[devsdesign.net/products/html/clenia/assets/images/about/style1/about.png]
[devsdesign.net/products/html/clenia/assets/images/line2.png]
[devsdesign.net/products/html/clenia/assets/images/line.png]
[devsdesign.net/products/html/clenia/assets/images/services/main-home/main-img/1.jpg]
[devsdesign.net/products/html/clenia/assets/images/services/main-home/main-icons/1.png]
[devsdesign.net/products/html/clenia/covid-19-Cleaning-2.html]
[devsdesign.net/products/html/clenia/assets/images/services/main-home/main-img/2.jpg]
[devsdesign.net/products/html/clenia/assets/images/services/main-home/main-icons/2.png]
[devsdesign.net/products/html/clenia/assets/images/services/main-home/main-img/3.jpg]
[devsdesign.net/products/html/clenia/assets/images/services/main-home/main-icons/3.png]
[devsdesign.net/products/html/clenia/assets/images/services/main-home/main-img/4.jpg]
[devsdesign.net/products/html/clenia/assets/images/services/main-home/main-icons/4.png]
[devsdesign.net/products/html/clenia/assets/images/services/main-home/main-img/5.jpg]
[devsdesign.net/products/html/clenia/assets/images/services/main-home/main-icons/5.png]
[devsdesign.net/products/html/clenia/assets/images/services/main-home/main-img/6.jpg]
[devsdesign.net/products/html/clenia/assets/images/services/main-home/main-icons/6.png]
[devsdesign.net/products/html/clenia/assets/images/choose/choose-us.png]
[devsdesign.net/products/html/clenia/assets/images/choose/video-bg.png]
[devsdesign.net/products/html/clenia/assets/images/process/style1/icons/1.png]
[devsdesign.net/products/html/clenia/assets/images/process/style1/icons/2.png]
[devsdesign.net/products/html/clenia/assets/images/process/style1/icons/3.png]
[devsdesign.net/products/html/clenia/assets/images/line3.png]
[devsdesign.net/products/html/clenia/assets/images/project/style1/home2/1.jpg]
[devsdesign.net/products/html/clenia/assets/images/project/style1/home2/2.jpg]
[devsdesign.net/products/html/clenia/assets/images/project/style1/home2/3.jpg]
[devsdesign.net/products/html/clenia/assets/images/project/style1/home2/4.jpg]
[devsdesign.net/products/html/clenia/assets/images/project/style1/home2/5.jpg]
[devsdesign.net/products/html/clenia/assets/images/project/style1/home2/6.jpg]
[devsdesign.net/products/html/clenia/assets/images/clean/clean-women.png]
[devsdesign.net/products/html/clenia/assets/images/clean/circle-shape.png]
[devsdesign.net/products/html/clenia/assets/images/bg/contact-bg2.png]
[devsdesign.net/products/html/clenia/assets/images/pricing/style1/1.png]
[devsdesign.net/products/html/clenia/assets/images/pricing/style1/2.png]
[devsdesign.net/products/html/clenia/assets/images/pricing/style1/3.png]
[devsdesign.net/products/html/clenia/assets/images/testimonial/style1/quote.png]
[devsdesign.net/products/html/clenia/assets/images/testimonial/style1/home2/1.jpg]
[devsdesign.net/products/html/clenia/assets/images/testimonial/style1/home2/2.jpg]
[devsdesign.net/products/html/clenia/assets/images/testimonial/style1/home2/3.jpg]
[devsdesign.net/products/html/clenia/assets/images/testimonial/style1/testi.png]
[devsdesign.net/products/html/clenia/assets/images/testimonial/style1/big-ball.png]
[devsdesign.net/products/html/clenia/assets/images/testimonial/style1/dot-shape.png]
[devsdesign.net/products/html/clenia/assets/images/testimonial/style1/triangle.png]
[devsdesign.net/products/html/clenia/assets/images/blog/1.jpg]
[devsdesign.net/products/html/clenia/assets/images/blog/2.jpg]
[devsdesign.net/products/html/clenia/assets/images/blog/3.jpg]
[devsdesign.net/products/html/clenia/assets/images/logo-yellow2.png]
[devsdesign.net/products/html/clenia/index2.html]
[devsdesign.net/products/html/clenia/index3.html]
[devsdesign.net/products/html/clenia/assets/images/about/about-4.jpg]
[devsdesign.net/products/html/clenia/assets/images/wipe.png]
[devsdesign.net/products/html/clenia/assets/images/services/style4/home4/1.png]
[devsdesign.net/products/html/clenia/assets/images/services/style4/home4/2.png]
[devsdesign.net/products/html/clenia/assets/images/services/style4/home4/3.png]
[devsdesign.net/products/html/clenia/assets/images/services/style4/home4/4.png]
[devsdesign.net/products/html/clenia/assets/images/services/style4/home4/5.png]
[devsdesign.net/products/html/clenia/assets/images/services/style4/home4/6.png]
[devsdesign.net/products/html/clenia/assets/images/testimonial/style1/testi-4.png]
[devsdesign.net/products/html/clenia/index4.html]
[devsdesign.net/products/html/clenia/assets/images/logo-coral.png]
[devsdesign.net/products/html/clenia/assets/images/logo-coral2.png]
[devsdesign.net/products/html/clenia/assets/images/banner/style2/shape-img.png]
[devsdesign.net/products/html/clenia/assets/images/banner/style2/img.png]
[devsdesign.net/products/html/clenia/assets/images/about/about-5.png]
[devsdesign.net/products/html/clenia/assets/images/sub-line.png]
[devsdesign.net/products/html/clenia/assets/images/services/style5/home5/1.png]
[devsdesign.net/products/html/clenia/assets/images/services/style5/home5/2.png]
[devsdesign.net/products/html/clenia/assets/images/services/services-slide/1.png]
[devsdesign.net/products/html/clenia/assets/images/services/services-slide/icons/1.png]
[devsdesign.net/products/html/clenia/assets/images/counter/icons/home5/1.png]
[devsdesign.net/products/html/clenia/assets/images/counter/icons/home5/2.png]
[devsdesign.net/products/html/clenia/assets/images/counter/icons/home5/3.png]
[devsdesign.net/products/html/clenia/assets/images/choose/style5/choose-5.png]
[devsdesign.net/products/html/clenia/assets/images/choose/style5/1.png]
[devsdesign.net/products/html/clenia/assets/images/choose/style5/2.png]
[devsdesign.net/products/html/clenia/assets/images/choose/style5/3.png]
[devsdesign.net/products/html/clenia/assets/images/choose/style5/4.png]
[devsdesign.net/products/html/clenia/assets/images/process/style3/1.png]
[devsdesign.net/products/html/clenia/assets/images/process/style3/2.png]
[devsdesign.net/products/html/clenia/assets/images/process/style3/3.png]
[devsdesign.net/products/html/clenia/assets/images/process/style3/arrow-icon.png]
[devsdesign.net/products/html/clenia/assets/images/clean/skill.png]
[devsdesign.net/products/html/clenia/assets/images/faq/faq.png]
[devsdesign.net/products/html/clenia/assets/images/testimonial/style1/quote4.png]
[devsdesign.net/products/html/clenia/index5.html]
[devsdesign.net/products/html/clenia/assets/images/logo-dark.png]
[devsdesign.net/products/html/clenia/Projects-details-2.html]
[devsdesign.net/products/html/clenia/onepage1.html]
[devsdesign.net/products/html/clenia/onepage2.html]
[devsdesign.net/products/html/clenia/onepage4.html]
[devsdesign.net/products/html/clenia/onepage5.html]
[devsdesign.net/products/html/clenia/assets/images/about/style4/about.png]
[devsdesign.net/products/html/clenia/assets/images/about/style4/about-icon.png]
[devsdesign.net/products/html/clenia/assets/images/process/style2/icons/1.png]
[devsdesign.net/products/html/clenia/assets/images/process/style2/icons/2.png]
[devsdesign.net/products/html/clenia/assets/images/process/style2/icons/3.png]
[devsdesign.net/products/html/clenia/assets/images/process/style2/1.png]
[devsdesign.net/products/html/clenia/about.html]
[devsdesign.net/products/html/clenia/assets/images/clean/cleaning-girl.jpg]
[devsdesign.net/products/html/clenia/faqs.html]
[devsdesign.net/products/html/clenia/assets/images/contact/esimate-img.jpg]
[devsdesign.net/products/html/clenia/assets/images/contact/style1/1.png]
[devsdesign.net/products/html/clenia/request-an-estimate.html]
[devsdesign.net/products/html/clenia/expert-members.html]
[devsdesign.net/products/html/clenia/single-member.html]
[devsdesign.net/products/html/clenia/services1.html]
[devsdesign.net/products/html/clenia/services2.html]
[devsdesign.net/products/html/clenia/assets/images/services/service-1.jpg]
[devsdesign.net/products/html/clenia/assets/images/services/service-2.jpg]
[devsdesign.net/products/html/clenia/assets/images/choose/style4/1.png]
[devsdesign.net/products/html/clenia/assets/images/choose/style4/2.png]
[devsdesign.net/products/html/clenia/assets/images/choose/style4/3.png]
[devsdesign.net/products/html/clenia/assets/images/choose/style4/4.png]
[devsdesign.net/products/html/clenia/assets/images/choose/style4/5.png]
[devsdesign.net/products/html/clenia/assets/images/choose/style4/6.png]
[devsdesign.net/products/html/clenia/assets/images/services/style5/1.jpg]
[devsdesign.net/products/html/clenia/assets/images/services/style5/2.jpg]
[devsdesign.net/products/html/clenia/covid-19-cleaning.html]
[devsdesign.net/products/html/clenia/kitchen-cleaning.html]
[devsdesign.net/products/html/clenia/toilet-cleaning.html]
[devsdesign.net/products/html/clenia/office-cleaning.html]
[devsdesign.net/products/html/clenia/window-cleaning.html]
[devsdesign.net/products/html/clenia/carpet-cleaning.html]
[devsdesign.net/products/html/clenia/projects.html]
[devsdesign.net/products/html/clenia/assets/images/project/style1/inner/1.jpg]
[devsdesign.net/products/html/clenia/assets/images/project/style1/inner/2.jpg]
[devsdesign.net/products/html/clenia/assets/images/project/style1/inner/3.jpg]
[devsdesign.net/products/html/clenia/assets/images/project/details/1.png]
[devsdesign.net/products/html/clenia/projects-details.html]
[devsdesign.net/products/html/clenia/blog-details.html]
[devsdesign.net/products/html/clenia/assets/images/blog/inner/style1/1.jpg]
[devsdesign.net/products/html/clenia/assets/images/blog/inner/style1/2.jpg]
[devsdesign.net/products/html/clenia/assets/images/blog/inner/style1/3.jpg]
[devsdesign.net/products/html/clenia/assets/images/blog/inner/style1/4.jpg]
[devsdesign.net/products/html/clenia/blog-single]
[devsdesign.net/products/html/clenia/assets/images/blog/inner/style1/5.jpg]
[devsdesign.net/products/html/clenia/assets/images/blog/inner/style1/6.jpg]
[devsdesign.net/products/html/clenia/assets/images/blog/inner/style2/1.jpg]
[devsdesign.net/products/html/clenia/assets/images/blog/inner/style2/2.jpg]
[devsdesign.net/products/html/clenia/assets/images/blog/inner/style2/3.jpg]
[devsdesign.net/products/html/clenia/assets/images/blog/inner/style2/4.jpg]
[devsdesign.net/products/html/clenia/blog.html]
[devsdesign.net/products/html/clenia/single-post.html]
[devsdesign.net/products/html/clenia/assets/images/contact/style1/2.png]
[devsdesign.net/products/html/clenia/assets/images/contact/style1/3.png]
[devsdesign.net/products/html/clenia/contact.html]
[devsdesign.net/products/html/clenia/blog-single.html]
[devsdesign.net/products/html/clenia/services.html]
[devsdesign.net/products/html/clenia/assets/js/modernizr-2.8.3.min.js]
[devsdesign.net/products/html/clenia/assets/js/jquery.min.js]
[devsdesign.net/products/html/clenia/assets/js/bootstrap.min.js]
[devsdesign.net/products/html/clenia/assets/js/jquery.nav.js]
[devsdesign.net/products/html/clenia/assets/js/owl.carousel.min.js]
[devsdesign.net/products/html/clenia/assets/js/wow.min.js]
[devsdesign.net/products/html/clenia/assets/js/skill.bars.jquery.js]
[devsdesign.net/products/html/clenia/assets/js/imagesloaded.pkgd.min.js]
[devsdesign.net/products/html/clenia/assets/js/waypoints.min.js]
[devsdesign.net/products/html/clenia/assets/js/jquery.counterup.min.js]
[devsdesign.net/products/html/clenia/assets/js/jquery.magnific-popup.min.js]
[devsdesign.net/products/html/clenia/assets/js/jquery.easypiechart.min.js]
[devsdesign.net/products/html/clenia/assets/inc/custom-slider/js/jquery.nivo.slider.js]
[devsdesign.net/products/html/clenia/assets/js/contact.form.js]
[devsdesign.net/products/html/clenia/assets/js/main.js]
[devsdesign.net/products/html/clenia/assets/fonts/fontawesome-webfont3e6e.svg]
[devsdesign.net/products/html/clenia/assets/fonts/Flaticon.svg]
[devsdesign.net/products/html/clenia/assets/css/owl.video.play.html]
[devsdesign.net/products/html/clenia/assets/inc/custom-slider/img/loading.html]
[devsdesign.net/products/html/clenia/assets/inc/custom-slider/img/bullets.html]
[devsdesign.net/products/html/clenia/assets/inc/custom-slider/img/arrows.html]
[devsdesign.net/products/html/clenia/assets/images/about/style3/2.html]
[devsdesign.net/products/html/clenia/assets/images/services/single/side-img.html]
[devsdesign.net/products/html/clenia/assets/images/choose/call-us.html]
[devsdesign.net/products/html/clenia/covid-19-Cleaning-2.html]
[devsdesign.net/products/html/clenia/assets/images/logo-dark.html]
[devsdesign.net/products/html/clenia/Projects-details-2.html]
[devsdesign.net/products/html/clenia/blog-details.html]
[devsdesign.net/products/html/clenia/blog-single-2.html]
